// Jest Snapshot v1, https://goo.gl/fbAQLP

exports[`renders component properly displays the logo properly 1`] = `
<img
  alt="logo"
  src="logo.png"
  width="100px"
/>
`;

exports[`renders component properly renders Header component 1`] = `
Object {
  "asFragment": [Function],
  "baseElement": <body>
    <div>
      <nav
        class="navbar navbar-expand-lg navbar-light bg-light"
      >
        <div
          class="d-flex container"
        >
          <a
            class="pr-2 nav-link"
            href="#"
            role="button"
            tabindex="0"
          >
            <img
              alt="logo"
              src="logo.png"
              width="100px"
            />
          </a>
          <a
            class="justify-self-start navbar-brand"
            href="#home"
          >
            Space Traveler's Hub
          </a>
          <div
            class="justify-content-end flex-grow-1  mt-4 mr-4 p-3 navbar-nav"
          >
            <a
              aria-current="page"
              class="pe-3 active"
              href="/"
            >
              Rockets
            </a>
            <a
              class="pe-3"
              href="/Missions"
            >
              Missions
            </a>
            <a
              class=""
              href="/Profile"
            >
              My Profile
            </a>
          </div>
        </div>
      </nav>
    </div>
  </body>,
  "container": <div>
    <nav
      class="navbar navbar-expand-lg navbar-light bg-light"
    >
      <div
        class="d-flex container"
      >
        <a
          class="pr-2 nav-link"
          href="#"
          role="button"
          tabindex="0"
        >
          <img
            alt="logo"
            src="logo.png"
            width="100px"
          />
        </a>
        <a
          class="justify-self-start navbar-brand"
          href="#home"
        >
          Space Traveler's Hub
        </a>
        <div
          class="justify-content-end flex-grow-1  mt-4 mr-4 p-3 navbar-nav"
        >
          <a
            aria-current="page"
            class="pe-3 active"
            href="/"
          >
            Rockets
          </a>
          <a
            class="pe-3"
            href="/Missions"
          >
            Missions
          </a>
          <a
            class=""
            href="/Profile"
          >
            My Profile
          </a>
        </div>
      </div>
    </nav>
  </div>,
  "debug": [Function],
  "findAllByAltText": [Function],
  "findAllByDisplayValue": [Function],
  "findAllByLabelText": [Function],
  "findAllByPlaceholderText": [Function],
  "findAllByRole": [Function],
  "findAllByTestId": [Function],
  "findAllByText": [Function],
  "findAllByTitle": [Function],
  "findByAltText": [Function],
  "findByDisplayValue": [Function],
  "findByLabelText": [Function],
  "findByPlaceholderText": [Function],
  "findByRole": [Function],
  "findByTestId": [Function],
  "findByText": [Function],
  "findByTitle": [Function],
  "getAllByAltText": [Function],
  "getAllByDisplayValue": [Function],
  "getAllByLabelText": [Function],
  "getAllByPlaceholderText": [Function],
  "getAllByRole": [Function],
  "getAllByTestId": [Function],
  "getAllByText": [Function],
  "getAllByTitle": [Function],
  "getByAltText": [Function],
  "getByDisplayValue": [Function],
  "getByLabelText": [Function],
  "getByPlaceholderText": [Function],
  "getByRole": [Function],
  "getByTestId": [Function],
  "getByText": [Function],
  "getByTitle": [Function],
  "queryAllByAltText": [Function],
  "queryAllByDisplayValue": [Function],
  "queryAllByLabelText": [Function],
  "queryAllByPlaceholderText": [Function],
  "queryAllByRole": [Function],
  "queryAllByTestId": [Function],
  "queryAllByText": [Function],
  "queryAllByTitle": [Function],
  "queryByAltText": [Function],
  "queryByDisplayValue": [Function],
  "queryByLabelText": [Function],
  "queryByPlaceholderText": [Function],
  "queryByRole": [Function],
  "queryByTestId": [Function],
  "queryByText": [Function],
  "queryByTitle": [Function],
  "rerender": [Function],
  "unmount": [Function],
}
`;
